../Core/Src/main.c:72:6:button_mode	16	static
../Core/Src/main.c:118:6:HAL_GPIO_EXTI_Callback	16	static
../Core/Src/main.c:127:6:uart_print_menu	16	static
../Core/Src/main.c:132:5:uart_get_menu_choice	16	static
../Core/Src/main.c:142:6:uart_print_choice	72	static
../Core/Src/main.c:167:6:clock_mode	32	static
../Core/Src/main.c:199:6:HAL_TIM_PeriodElapsedCallback	16	static
../Core/Src/main.c:244:5:main	16	static
../Core/Src/main.c:310:6:SystemClock_Config	88	static
../Core/Src/main.c:357:13:MX_TIM2_Init	32	static
../Core/Src/main.c:403:13:MX_USART2_UART_Init	8	static
../Core/Src/main.c:436:13:MX_GPIO_Init	48	static
../Core/Src/main.c:497:6:Error_Handler	4	static,ignoring_inline_asm
