../Core/Src/main.c:72:6:button_mode	16	static
../Core/Src/main.c:116:6:HAL_GPIO_EXTI_Callback	16	static
../Core/Src/main.c:125:6:uart_print_menu	16	static
../Core/Src/main.c:130:5:uart_get_menu_choice	16	static
../Core/Src/main.c:140:6:uart_print_choice	72	static
../Core/Src/main.c:165:6:clock_mode	32	static
../Core/Src/main.c:195:6:HAL_TIM_PeriodElapsedCallback	16	static
../Core/Src/main.c:240:5:main	16	static
../Core/Src/main.c:306:6:SystemClock_Config	88	static
../Core/Src/main.c:353:13:MX_TIM2_Init	32	static
../Core/Src/main.c:399:13:MX_USART2_UART_Init	8	static
../Core/Src/main.c:432:13:MX_GPIO_Init	48	static
../Core/Src/main.c:493:6:Error_Handler	4	static,ignoring_inline_asm
