../Core/Src/quad_sseg.c:41:6:TM1637_Delay	16	static,ignoring_inline_asm
../Core/Src/quad_sseg.c:50:6:TM1637_Strt	8	static
../Core/Src/quad_sseg.c:57:6:TM1637_Stop	8	static
../Core/Src/quad_sseg.c:67:6:TM1637_WriteByte	24	static
../Core/Src/quad_sseg.c:98:6:TM1637_WriteCmnd	16	static
../Core/Src/quad_sseg.c:105:6:TM1637_WriteData	16	static
../Core/Src/quad_sseg.c:116:6:qs_put_bitmasks	24	static
../Core/Src/quad_sseg.c:128:6:qs_put_bitmask_at	16	static
../Core/Src/quad_sseg.c:140:6:qs_put_digits	24	static
../Core/Src/quad_sseg.c:150:6:qs_put_big_num	40	static
