../Core/Src/main.c:71:6:cd_set	16	static
../Core/Src/main.c:78:6:cd_tick	16	static
../Core/Src/main.c:104:6:HAL_TIM_PeriodElapsedCallback	16	static
../Core/Src/main.c:118:6:uart_print_cd	128	static
../Core/Src/main.c:127:6:wait_for_button_press	8	static
../Core/Src/main.c:151:5:main	8	static
../Core/Src/main.c:216:6:SystemClock_Config	88	static
../Core/Src/main.c:263:13:MX_I2C1_Init	8	static
../Core/Src/main.c:297:13:MX_TIM2_Init	32	static
../Core/Src/main.c:342:13:MX_USART2_UART_Init	8	static
../Core/Src/main.c:375:13:MX_GPIO_Init	48	static
../Core/Src/main.c:415:6:Error_Handler	4	static,ignoring_inline_asm
