12:03:48 **** Incremental Build of configuration Debug for project Lab0_blinky_ff ****
make -j8 all 
arm-none-eabi-gcc "../Core/Src/main.c" -mcpu=cortex-m4 -std=gnu11 -g3 -DDEBUG -DUSE_HAL_DRIVER -DSTM32F401xE -c -I../Core/Inc -I../Drivers/STM32F4xx_HAL_Driver/Inc -I../Drivers/STM32F4xx_HAL_Driver/Inc/Legacy -I../Drivers/CMSIS/Device/ST/STM32F4xx/Include -I../Drivers/CMSIS/Include -O0 -ffunction-sections -fdata-sections -Wall -fstack-usage -fcyclomatic-complexity -MMD -MP -MF"Core/Src/main.d" -MT"Core/Src/main.o" --specs=nano.specs -mfpu=fpv4-sp-d16 -mfloat-abi=hard -mthumb -o "Core/Src/main.o"
arm-none-eabi-gcc -o "Lab0_blinky_ff.elf" @"objects.list"   -mcpu=cortex-m4 -T"/home/deividas/School/Prog/MKLabbar/MikrodatorteknikTMIK13/Lab0_blinky_ff/STM32F401RETX_FLASH.ld" --specs=nosys.specs -Wl,-Map="Lab0_blinky_ff.map" -Wl,--gc-sections -static --specs=nano.specs -mfpu=fpv4-sp-d16 -mfloat-abi=hard -mthumb -Wl,--start-group -lc -lm -Wl,--end-group
Finished building target: Lab0_blinky_ff.elf
 
arm-none-eabi-size  Lab0_blinky_ff.elf 
arm-none-eabi-objdump -h -S Lab0_blinky_ff.elf  > "Lab0_blinky_ff.list"
   text	   data	    bss	    dec	    hex	filename
   7764	     12	   1644	   9420	   24cc	Lab0_blinky_ff.elf
Finished building: default.size.stdout
 
Finished building: Lab0_blinky_ff.list
 

12:03:48 Build Finished. 0 errors, 0 warnings. (took 325ms)

